<?xml version="1.0"?>
<errors>
  <warning message="not_referenced" help="trbl_warn_service_not_referenced" context="service" ref="Service1"/>
  <hint message="missing_attribute" value="dependencies" context="service" ref="Service1"/>
  <hint message="missing_prop" value="timeout" context="service" ref="Service1"/>
  <hint message="missing_prop" value="instance.spec" help="api_instance_spec" context="service" ref="Service1">
    <msg key="instance-spec">
          (Optional) Use it to control service instantiation.
        </msg>
  </hint>
  <hint message="missing_attribute" value="content-type" context="prop" ref="Service1_Prop1"/>
  <hint message="attribute_value" value="kind" context="prop" ref="Service1_Prop1">
    <select>
      <option value="PhidgetInterfaceKit"/>
      <option value="PhidgetAdvancedServo"/>
      <option value="PhidgetRFID"/>
    </select>
  </hint>
  <hint message="missing_attribute" value="refresh" context="prop" ref="Service1_Prop1">
    <msg key="validate_svc_phidget_3a">
        Attachment refresh period, e.g. 5s, 1m etc
      </msg>
  </hint>
  <hint message="missing_attribute" value="content-type" context="prop" ref="Service1_Prop2"/>
  <hint message="missing_attribute" value="input0-7" help="api_phidget_params_interfacekit" context="prop" ref="Service1_Prop2">
    <msg key="validate_svc_phidget_5">
        Digital input 0..7, input is true/false
      </msg>
  </hint>
  <hint message="missing_attribute" value="output0-7" help="api_phidget_params_interfacekit" context="prop" ref="Service1_Prop2">
    <msg key="validate_svc_phidget_6">
        Digital output 0..7, output is true/false
      </msg>
  </hint>
  <hint message="missing_attribute" value="sensor0-7" help="api_phidget_params_interfacekit" context="prop" ref="Service1_Prop2">
    <msg key="validate_svc_phidget_7">
        Analogue sensor 0..7, output is 0-999
      </msg>
  </hint>
  <hint message="attribute_value" value="sensor0" context="prop" ref="Service1_Prop2">
    <datalist type="integer">
      <option value="Field2"/>
    </datalist>
  </hint>
  <hint message="attribute_value" value="input1" context="prop" ref="Service1_Prop2">
    <datalist type="boolean">
      <option value="Field1"/>
    </datalist>
  </hint>
  <hint message="attribute_value" value="output2" context="prop" ref="Service1_Prop2">
    <datalist type="boolean">
      <option value="Field1"/>
    </datalist>
  </hint>
  <warning message="not_referenced" help="trbl_warn_service_not_referenced" context="service" ref="Service2"/>
  <hint message="missing_attribute" value="dependencies" context="service" ref="Service2"/>
  <hint message="missing_prop" value="timeout" context="service" ref="Service2"/>
  <hint message="missing_prop" value="instance.spec" help="api_instance_spec" context="service" ref="Service2">
    <msg key="instance-spec">
          (Optional) Use it to control service instantiation.
        </msg>
  </hint>
  <hint message="missing_attribute" value="content-type" context="prop" ref="Service1_Prop1"/>
  <hint message="attribute_value" value="kind" context="prop" ref="Service1_Prop1">
    <select>
      <option value="PhidgetInterfaceKit"/>
      <option value="PhidgetAdvancedServo"/>
      <option value="PhidgetRFID"/>
    </select>
  </hint>
  <hint message="missing_attribute" value="refresh" context="prop" ref="Service1_Prop1">
    <msg key="validate_svc_phidget_3a">
        Attachment refresh period, e.g. 5s, 1m etc
      </msg>
  </hint>
  <hint message="missing_attribute" value="content-type" context="prop" ref="Service2_Prop2"/>
  <hint message="missing_attribute" value="position0-7" help="api_phidget_params_advancedservo" context="prop" ref="Service2_Prop2">
    <msg key="validate_svc_phidget_8">
        Servo motor number 0..7, position is 0-999
      </msg>
  </hint>
  <hint message="attribute_value" value="position0" context="prop" ref="Service2_Prop2">
    <datalist type="integer">
      <option value="Field2"/>
    </datalist>
  </hint>
  <warning message="not_referenced" help="trbl_warn_service_not_referenced" context="service" ref="Service3"/>
  <hint message="missing_attribute" value="dependencies" context="service" ref="Service3"/>
  <hint message="missing_prop" value="timeout" context="service" ref="Service3"/>
  <hint message="missing_prop" value="instance.spec" help="api_instance_spec" context="service" ref="Service3">
    <msg key="instance-spec">
          (Optional) Use it to control service instantiation.
        </msg>
  </hint>
  <hint message="missing_attribute" value="content-type" context="prop" ref="Service3_Prop1"/>
  <hint message="attribute_value" value="kind" context="prop" ref="Service3_Prop1">
    <select>
      <option value="PhidgetInterfaceKit"/>
      <option value="PhidgetAdvancedServo"/>
      <option value="PhidgetRFID"/>
    </select>
  </hint>
  <hint message="missing_attribute" value="refresh" context="prop" ref="Service3_Prop1">
    <msg key="validate_svc_phidget_3a">
        Attachment refresh period, e.g. 5s, 1m etc
      </msg>
  </hint>
  <hint message="missing_attribute" value="content-type" context="prop" ref="Service3_Prop2"/>
  <hint message="missing_attribute" value="output0-1" help="api_phidget_params_rfid" context="prop" ref="Service3_Prop2">
    <msg key="validate_svc_phidget_10">
        Digital output 0..1, output is true/false
      </msg>
  </hint>
  <hint message="missing_attribute" value="led" help="api_phidget_params_rfid" context="prop" ref="Service3_Prop2">
    <msg key="validate_svc_phidget_11">
        Onboard LED output is true/false
      </msg>
  </hint>
  <hint message="missing_attribute" value="antenna" help="api_phidget_params_rfid" context="prop" ref="Service3_Prop2">
    <msg key="validate_svc_phidget_12">
        Enable RFID antenna is true/false
      </msg>
  </hint>
  <hint message="missing_attribute" value="rfid" help="api_phidget_params_rfid" context="prop" ref="Service3_Prop2">
    <msg key="validate_svc_phidget_13">
        RFID output is a string value
      </msg>
  </hint>
  <hint message="attribute_value" value="led" context="prop" ref="Service3_Prop2">
    <datalist type="boolean">
      <option value="Field1"/>
    </datalist>
  </hint>
  <hint message="attribute_value" value="input1" context="prop" ref="Service3_Prop2">
    <datalist type="boolean">
      <option value="Field1"/>
    </datalist>
  </hint>
  <hint message="attribute_value" value="output2" context="prop" ref="Service3_Prop2">
    <datalist type="boolean">
      <option value="Field1"/>
    </datalist>
  </hint>
  <hint message="attribute_value" value="rfid" context="prop" ref="Service3_Prop2">
    <datalist type="string">
      <option value="Field3"/>
    </datalist>
  </hint>
  <warning message="not_referenced" help="trbl_warn_field_not_referenced" context="field" ref="field1"/>
  <warning message="not_referenced" help="trbl_warn_field_not_referenced" context="field" ref="field2"/>
  <warning message="not_referenced" help="trbl_warn_field_not_referenced" context="field" ref="field3"/>
</errors>
