<?xml version="1.0"?>
<errors>
  <hint message="missing_attribute" value="value" context="consume" ref="id2"/>
  <hint message="missing_prop" value="instance.bind" help="api_instance_bind" context="consume" ref="id2">
    <msg key="instance-bind">
        (Optional) Bind instance.spec Vars to operation field values.
      </msg>
  </hint>
</errors>
