<?xml version="1.0"?>
<errors>
  <error message="invalid_element" value="completely_invalid" context="" ref=""/>
</errors>
